commit 480e98dcc3bcfff92439d05cda5c98159a458237
Author: Karl Heinz Marbaise <kama@soebes.de>
Date:   Sat Mar 27 19:38:35 2021 +0100

    Fixed.

A	src/test/java/com/soebes/arrays/ArrayTest.java
A	src/test/java/com/soebes/java/XTest.java
D	src/test/java/com/soebes/katas/enums/EnumSecondTest.java
A	src/test/java/com/soebes/katas/list/AnotherListTest.java
A	src/test/java/com/soebes/limits/ConversionTest.java

commit 69b76a8c00d7b6825e9e7ef1ae2a6f87b03ea416
Author: Karl Heinz Marbaise <kama@soebes.de>
Date:   Fri Jul 31 21:56:48 2020 +0200

    Improved code.

A	src/test/java/com/soebes/consumer/CollectorTest.java
A	src/test/java/com/soebes/consumer/ConsumerTest.java
A	src/test/java/com/soebes/consumer/PartitioningCollector.java
A	src/test/java/com/soebes/consumer/PartitioningTest.java
A	src/test/java/com/soebes/consumer/ReducerTest.java
M	src/test/java/com/soebes/katas/nodes/FirstTest.java
M	src/test/java/com/soebes/katas/sublist/PlayWithComparator2Test.java
M	src/test/java/com/soebes/katas/sublist/SubListTest.java
M	src/test/java/com/soebes/stream/UniqueElementsTest.java

commit 3fa36fd8f94d6047c0231567299face2862c1377
Author: Karl Heinz Marbaise <kama@soebes.de>
Date:   Sun Jul 19 16:14:11 2020 +0200

    Improved.

M	src/test/java/com/soebes/fraction/Bruch.java
M	src/test/java/com/soebes/fraction/BruchTest.java

commit 72764212bccea9c6e06656c2e87c372fc21b5b63
Author: Karl Heinz Marbaise <kama@soebes.de>
Date:   Sun Jul 19 16:10:26 2020 +0200

    Improved.

M	src/test/java/com/soebes/fraction/Bruch.java
M	src/test/java/com/soebes/fraction/BruchTest.java

commit 3209294b6f049571f64c3a0c7bea7fa5ebb49610
Author: Karl Heinz Marbaise <kama@soebes.de>
Date:   Sun Jul 19 15:44:34 2020 +0200

    Improved.

M	src/test/java/com/soebes/fraction/Bruch.java
M	src/test/java/com/soebes/fraction/BruchTest.java
A	src/test/java/com/soebes/fraction/MathUtil.java

commit e6aa487a8631f6fca0bb6980d40a28e043a3716b
Author: Karl Heinz Marbaise <kama@soebes.de>
Date:   Sun Jul 19 15:14:04 2020 +0200

    Improved.

M	src/test/java/com/soebes/fraction/Bruch.java
M	src/test/java/com/soebes/fraction/BruchTest.java

commit 9a056044070ea8b6df1fc2ec1eb4a09e16b9407a
Author: Karl Heinz Marbaise <kama@soebes.de>
Date:   Sun Jul 19 14:31:53 2020 +0200

    Improved.

M	src/main/java/com/soebes/katas/muenzspeicher/GeldSorte.java
M	src/test/java/com/soebes/katas/muenzspeicher/RegExTest.java

commit 63156ad6028c0af0289d89befc0b31708a6041c8
Author: Karl Heinz Marbaise <kama@soebes.de>
Date:   Sun Jul 19 14:23:52 2020 +0200

    Improved.

M	src/test/java/com/soebes/katas/filmausleihe/BlockBusterPriceTest.java
M	src/test/java/com/soebes/katas/filmausleihe/FamilyPriceTest.java

commit 89ed1954d3b0cf6179bc569f8057b7b403b26f5f
Author: Karl Heinz Marbaise <kama@soebes.de>
Date:   Sun Jul 19 14:22:32 2020 +0200

    Improved.

A	.sdkmanrc
M	pom.xml
M	src/test/java/com/soebes/bitcount/BitCountTest.java

commit 53844cf5329866ce460ca8c16ce274757d26180d
Author: Karl Heinz Marbaise <kama@soebes.de>
Date:   Fri Jul 17 10:40:24 2020 +0200

    Improved.

M	src/test/java/com/soebes/fraction/Bruch.java
M	src/test/java/com/soebes/fraction/BruchTest.java
M	src/test/java/com/soebes/katas/functional/F1.java
M	src/test/java/com/soebes/katas/sublist/MapTest.java
M	src/test/java/com/soebes/stream/UniqueElementsTest.java

commit 9dc1cdba3acfb1406cc1e0ce0366271a96718b78
Author: Karl Heinz Marbaise <kama@soebes.de>
Date:   Thu Jul 16 18:45:38 2020 +0200

    Improved.

M	src/main/java/com/soebes/gof/visitor/PlayWithVisitor.java
M	src/test/java/com/soebes/katas/enums/EnumsTest.java

commit 13390e0de5ae67b4edc2074bae93ce5748adc13a
Author: Karl Heinz Marbaise <kama@soebes.de>
Date:   Thu Jul 16 14:28:23 2020 +0200

    Improved.

M	src/test/java/com/soebes/katas/enums/EnumsTest.java

commit 198c4570722eda2083af1b259213fd0ef138dfac
Author: Karl Heinz Marbaise <kama@soebes.de>
Date:   Thu Jul 16 12:10:29 2020 +0200

    Improved / Upgrade JOL to 0.11

M	pom.xml
A	src/test/java/com/soebes/fraction/Bruch.java
A	src/test/java/com/soebes/fraction/BruchTest.java
M	src/test/java/com/soebes/katas/enums/EnumsTest.java

commit ea5873c8b96cbf97bb0df73ae2f3f9da67374f29
Author: Karl Heinz Marbaise <kama@soebes.de>
Date:   Sun Jul 12 19:48:18 2020 +0200

    Improved code.

A	src/test/java/com/soebes/LargerTest.java
A	src/test/java/com/soebes/OptionalTest.java
A	src/test/java/com/soebes/bigdecimals/BigDecimalTest.java
A	src/test/java/com/soebes/enums/FirstEnuMain.java
A	src/test/java/com/soebes/enums/FirstEnum.java
M	src/test/java/com/soebes/java/JavaKeepInsertionOrderTest.java
M	src/test/java/com/soebes/katas/fizzbuzz/FizzBuzzTest.java
M	src/test/java/com/soebes/katas/numeric/BigDecimalTest.java
A	src/test/java/com/soebes/stream/CartesianProductTest.java
A	src/test/java/com/soebes/stream/IndexedValuesTest.java
A	src/test/java/com/soebes/stream/LeaveOnlyElementsOfTypeTest.java
A	src/test/java/com/soebes/stream/LeaveOnlyElementsWhichAppearAtLeast.java
A	src/test/java/com/soebes/stream/ListToMapTest.java
A	src/test/java/com/soebes/stream/UniqueElementsTest.java
A	src/test/java/com/soebes/stream/ZipListTest.java

commit 9a190cea69a93b6fdf5aea9f6fb043688e7b9eb9
Author: Karl Heinz Marbaise <kama@soebes.de>
Date:   Wed Jun 17 23:39:45 2020 +0200

    Improved.

M	src/test/java/com/soebes/katas/streams/StreamsSecondTest.java

commit c79bc01722523a981b5e12fcf3f5dbbda7f93382
Author: Karl Heinz Marbaise <kama@soebes.de>
Date:   Wed Jun 17 23:13:44 2020 +0200

    Improved.

M	src/test/java/com/soebes/playground/StreamHelperTest.java

commit 726893954e3cbb9131bae40a0005358ae45cd2e9
Author: Karl Heinz Marbaise <kama@soebes.de>
Date:   Wed Jun 17 23:02:44 2020 +0200

    Improved.

M	src/test/java/com/soebes/katas/streams/StreamsSecondTest.java

commit 35780e43b20002e81fa7a261466301391e0b0476
Author: Karl Heinz Marbaise <kama@soebes.de>
Date:   Wed Jun 17 22:51:48 2020 +0200

    Improved.

M	src/test/java/com/soebes/katas/streams/StreamsSecondTest.java
M	src/test/java/com/soebes/playground/StreamHelperTest.java

commit ad1b9bf36ce885bd7163d4762344686a3a290b0f
Author: Karl Heinz Marbaise <kama@soebes.de>
Date:   Sun Jun 14 22:56:49 2020 +0200

    Next step

M	src/test/java/com/soebes/katas/streams/StreamsSecondTest.java

commit f2c97d4b3d7c840bc714ba6118f5ab14c0ad45ee
Author: Karl Heinz Marbaise <kama@soebes.de>
Date:   Wed Jun 10 00:20:39 2020 +0200

    Enhanced.

M	src/test/java/com/soebes/compare/CompareTest.java
A	src/test/java/com/soebes/playground/DuplicateElementException.java
A	src/test/java/com/soebes/playground/StreamHelperTest.java

commit ffc2ddd935cc8dbda609e48733f270c0171cdf07
Author: Karl Heinz Marbaise <kama@soebes.de>
Date:   Tue May 26 20:23:52 2020 +0200

    Safe state.

M	src/test/java/com/soebes/LineProcessingTest.java
A	src/test/java/com/soebes/bitcount/BitCountTest.java
A	src/test/java/com/soebes/bitcount/Permutations.java
M	src/test/java/com/soebes/codewars/BitCountingTest.java
M	src/test/java/com/soebes/katas/enums/TheEnumValuePatternTest.java
M	src/test/java/com/soebes/katas/list/ListTest.java
A	src/test/java/com/soebes/playground/DataHolderExample.java

commit 11cd1643e8c1ba9d548cb2fb5cb696003bc1158f
Author: Karl Heinz Marbaise <kama@soebes.de>
Date:   Tue Apr 7 23:15:29 2020 +0200

    Improved.

M	.gitignore
M	pom.xml
A	src/main/java/com/soebes/katas/another/FirstClassInThisPackage.java
M	src/main/java/com/soebes/katas/filmausleihe/Customer.java
A	src/test/java/com/soebes/AnotherTest.java
A	src/test/java/com/soebes/LineProcessingTest.java
A	src/test/java/com/soebes/assertj/ExceptionTest.java
A	src/test/java/com/soebes/jdk/CompletionStageTest.java
M	src/test/java/com/soebes/katas/factors/PrimeFactorsTest.java
M	src/test/java/com/soebes/katas/functional/F1.java
M	src/test/java/com/soebes/katas/functions/FunctionTest.java
M	src/test/java/com/soebes/katas/functions/StandardDeviationBigDecimalTest.java
M	src/test/java/com/soebes/katas/quiz/pythagoras/PythagorasTest.java
M	src/test/java/com/soebes/katas/streams/StreamSecondTest.java
A	src/test/java/com/soebes/katas/subs/TheFirstClassInSubsPackageTest.java
M	src/test/java/com/soebes/playground/PuzzleTest.java

commit 12751a981f5d9b00a434a8053f2d8529757bc810
Author: Karl Heinz Marbaise <kama@soebes.de>
Date:   Mon Feb 24 20:55:04 2020 +0100

    Improved.

A	src/test/java/com/soebes/katas/optional/Bar.java
A	src/test/java/com/soebes/katas/optional/FirstOptionalTest.java
A	src/test/java/com/soebes/katas/optional/Foo.java

commit c806eca10d9499f0b688595cf11df49370857614
Author: Karl Heinz Marbaise <kama@soebes.de>
Date:   Fri Feb 21 20:47:38 2020 +0100

    Updated.

M	pom.xml
A	src/test/java/com/soebes/java/JavaKeepInsertionOrderTest.java

commit 2dfaf40c7e4bc9f980540b547d1c0a24c29cbc5a
Author: Karl Heinz Marbaise <kama@soebes.de>
Date:   Mon Jan 20 17:54:42 2020 +0100

    First step with Deque.

A	src/test/java/com/soebes/list/ListTypesTest.java

commit 8d726fe317e6bfbd490a0bc273e1a61fd3e9ba46
Author: Karl Heinz Marbaise <kama@soebes.de>
Date:   Mon Jan 20 17:20:13 2020 +0100

    Improved.

M	src/test/java/com/soebes/stream/XTest.java

commit ec6adab09638fadfd6fc2ede3b95df53fb2f161a
Author: Karl Heinz Marbaise <kama@soebes.de>
Date:   Mon Jan 20 17:03:05 2020 +0100

    Improved code

M	src/test/java/com/soebes/katas/numeric/NumericTest.java
A	src/test/java/com/soebes/stream/P.java
A	src/test/java/com/soebes/stream/XTest.java

commit c1c93f2319d6c87979ad4940cb39a13bdb1f3226
Author: Karl Heinz Marbaise <kama@soebes.de>
Date:   Mon Dec 30 14:10:04 2019 +0100

    Improved.

A	src/test/java/com/soebes/compare/ThisIsAClass.java
A	src/test/java/com/soebes/pattern/course/ReadOnlyArrayList.java
A	src/test/java/com/soebes/pattern/course/TheInterface.java
A	src/test/java/com/soebes/pattern/course/abstractclass/FirstTest.java

commit 65e83b1dccbcf0b3f7b601dcc58dee74a386ae07
Author: Karl Heinz Marbaise <kama@soebes.de>
Date:   Tue Dec 24 13:27:08 2019 +0100

    Improved code.

M	src/test/java/com/soebes/compare/Complex.java
A	src/test/java/com/soebes/compare/ComplexTest.java

commit a184b8450cdd500d319089893644d35fc5c40b06
Author: Karl Heinz Marbaise <kama@soebes.de>
Date:   Tue Dec 24 09:56:51 2019 +0100

    Improved.

M	src/test/java/com/soebes/compare/CompareTest.java
A	src/test/java/com/soebes/compare/Complex.java

commit 8731e998edec64265ce1854c01d91f32acefe35c
Author: Karl Heinz Marbaise <kama@soebes.de>
Date:   Sat Dec 21 13:45:46 2019 +0100

    Cleaned up code.

M	src/test/java/com/soebes/katas/enums/TheEnumValuePattern.java

commit 1468935b469bd813cb2d109f632ff83b8a4dd5ca
Author: Karl Heinz Marbaise <kama@soebes.de>
Date:   Sat Dec 21 12:35:22 2019 +0100

    File filter example.

A	src/test/java/com/soebes/files/FilesTest.java

commit 2bb752b7fc20099819c22953613da1f3f6aa8464
Author: Karl Heinz Marbaise <kama@soebes.de>
Date:   Sat Dec 21 12:05:39 2019 +0100

    Using Comparator from JDk.

M	src/test/java/com/soebes/katas/sublist/PlayWithComparator2Test.java
M	src/test/java/com/soebes/playground/PuzzleTest.java

commit a3b923401b1934077c39b3aab5d68482eab2d652
Author: Karl Heinz Marbaise <kama@soebes.de>
Date:   Fri Dec 20 21:38:44 2019 +0100

    Improved.

M	src/test/java/com/soebes/compare/CompareTest.java
M	src/test/java/com/soebes/katas/functions/FunctionTest.java

commit 3e1cdc8940bd1e6a17394856c8eeb8e22473cff8
Author: Karl Heinz Marbaise <kama@soebes.de>
Date:   Wed Dec 18 23:19:49 2019 +0100

    Improved.

M	src/test/java/com/soebes/katas/functions/FunctionTest.java

commit 7ce45dd045f8c48063e12d957d7a696af2fb7f69
Author: Karl Heinz Marbaise <kama@soebes.de>
Date:   Wed Dec 18 23:11:04 2019 +0100

    Improved.

A	src/test/java/com/soebes/compare/CompareTest.java
M	src/test/java/com/soebes/katas/functional/F1.java

commit 17fd1552aadc9b749ddd43fe1d47d6a7b589ebb9
Author: Karl Heinz Marbaise <kama@soebes.de>
Date:   Fri Dec 13 21:42:42 2019 +0100

    Added BubbleSort.

M	src/test/java/com/soebes/codewars/OnesAndZerosTest.java
A	src/test/java/com/soebes/sorting/BubbleSortTest.java
A	src/test/java/com/soebes/sorting/QuicksortTest.java
A	src/test/java/com/soebes/subtyping/TypeTest.java

commit f342aca0797b3fc5d9bf72f6dac47095deab7ec8
Author: Karl Heinz Marbaise <kama@soebes.de>
Date:   Fri Dec 13 20:48:10 2019 +0100

    Reformatted code.

M	src/test/java/com/soebes/codewars/BitCountingByteTest.java
M	src/test/java/com/soebes/katas/enums/EnumSetStreamTest.java

commit e4a5dae0bf0d917aa25090a4eb2e6c2e3170e61b
Author: Karl Heinz Marbaise <kama@soebes.de>
Date:   Fri Dec 13 20:28:58 2019 +0100

    Updated an cleaned up code.

M	src/main/java/com/soebes/gof/visitor/PlayWithVisitor.java
M	src/test/java/com/soebes/katas/bytes/ByteTest.java
M	src/test/java/com/soebes/katas/enums/EnumSetStreamTest.java
M	src/test/java/com/soebes/katas/functional/F1.java
A	src/test/java/com/soebes/puzzles/FirstTest.java
A	src/test/java/com/soebes/puzzles/SecondPuzzle.java
A	src/test/java/com/soebes/stream/FirstTest.java

commit 4d5607ab5d80c7176544c21050ee492c400993c2
Author: Karl Heinz Marbaise <kama@soebes.de>
Date:   Thu Nov 21 19:21:31 2019 +0100

    Refactored code to handle it in the visitor.

M	src/main/java/com/soebes/gof/visitor/PlayWithVisitor.java
M	src/main/java/com/soebes/gof/visitor/Visitor.java

commit 452854a05ed18465ddfd7d08f55ee6e4606a2426
Author: Karl Heinz Marbaise <kama@soebes.de>
Date:   Thu Nov 21 18:45:34 2019 +0100

    Refactored code static method.

M	src/main/java/com/soebes/gof/visitor/PlayWithVisitor.java
M	src/main/java/com/soebes/gof/visitor/Visitor.java

commit 8e19a9edf1ff952e03cace01f8be31c8fa5745fa
Author: Karl Heinz Marbaise <kama@soebes.de>
Date:   Thu Nov 21 18:41:22 2019 +0100

    Using VisitorInitalizer

M	src/main/java/com/soebes/gof/visitor/PlayWithVisitor.java
A	src/main/java/com/soebes/gof/visitor/VisitorInitializer.java

commit c1bd27812fd526e6dd604be8f9ba6983d2314cce
Author: Karl Heinz Marbaise <kama@soebes.de>
Date:   Thu Nov 21 18:37:30 2019 +0100

    Taken into account the consumer.

M	src/main/java/com/soebes/gof/visitor/PlayWithVisitor.java

commit bd5e3ac39bb3714f92f23e69fb1fe18f300be6f4
Author: Karl Heinz Marbaise <kama@soebes.de>
Date:   Thu Nov 21 18:33:47 2019 +0100

    Improving readability of the code.

M	src/main/java/com/soebes/gof/visitor/PlayWithVisitor.java
M	src/main/java/com/soebes/gof/visitor/VisitorBuilder.java

commit c896b38a7ac8cd826327a8d4fbaf9d6bd372e0a6
Author: Karl Heinz Marbaise <kama@soebes.de>
Date:   Thu Nov 21 18:31:07 2019 +0100

    Introduce VisitorBuilder

M	src/main/java/com/soebes/gof/visitor/PlayWithVisitor.java
A	src/main/java/com/soebes/gof/visitor/VisitorBuilder.java

commit 144c3b78dbc1c816ccc1382e97bcd2dc63155c1c
Author: Karl Heinz Marbaise <kama@soebes.de>
Date:   Thu Nov 21 18:29:08 2019 +0100

    Upgraded dependencies.

M	pom.xml

commit 22ad65399d021cb6abf20717e4b275f33b1dba88
Author: Karl Heinz Marbaise <kama@soebes.de>
Date:   Thu Nov 21 18:28:54 2019 +0100

    Using BiConsumer.

M	src/main/java/com/soebes/gof/visitor/PlayWithVisitor.java

commit 24bc80e676a1e50fd773c40b3e6a7e679adc05a3
Author: Karl Heinz Marbaise <kama@soebes.de>
Date:   Thu Nov 21 18:26:03 2019 +0100

    One step back.

M	src/main/java/com/soebes/gof/visitor/PlayWithVisitor.java
D	src/main/java/com/soebes/gof/visitor/VisitorBuilder.java
D	src/main/java/com/soebes/gof/visitor/VisitorInitializer.java

commit edb949194d028432655831b6aadcac494cee6580
Author: Karl Heinz Marbaise <kama@soebes.de>
Date:   Fri Nov 15 21:30:49 2019 +0100

    Move to functional second step with accept on each Class.

M	src/main/java/com/soebes/gof/visitor/PlayWithVisitor.java
M	src/main/java/com/soebes/gof/visitor/Visitor.java
A	src/main/java/com/soebes/gof/visitor/VisitorBuilder.java
A	src/main/java/com/soebes/gof/visitor/VisitorInitializer.java
M	src/main/java/com/soebes/gof/visitor/model/Body.java
M	src/main/java/com/soebes/gof/visitor/model/Car.java
M	src/main/java/com/soebes/gof/visitor/model/Engine.java
M	src/main/java/com/soebes/gof/visitor/model/Wheel.java

commit 5448bf9b64965817bd4880ce265bdb5f1f9b9ae7
Author: Karl Heinz Marbaise <kama@soebes.de>
Date:   Thu Nov 14 21:59:46 2019 +0100

    Move to functional first step with accept on each Class.

M	src/main/java/com/soebes/gof/visitor/PlayWithVisitor.java
M	src/main/java/com/soebes/gof/visitor/Visitor.java
M	src/main/java/com/soebes/gof/visitor/model/Body.java
M	src/main/java/com/soebes/gof/visitor/model/Car.java
M	src/main/java/com/soebes/gof/visitor/model/Engine.java
M	src/main/java/com/soebes/gof/visitor/model/Wheel.java

commit aad2fd586336cff7ffe957b7a9cec101d6b9cb8c
Author: Karl Heinz Marbaise <kama@soebes.de>
Date:   Thu Nov 14 20:38:49 2019 +0100

    Improved.

M	src/main/java/com/soebes/gof/visitor/PlayWithVisitor.java

commit f393cad3f04ddabde14d9bb9e635d412d2ae9bfc
Author: Karl Heinz Marbaise <kama@soebes.de>
Date:   Thu Nov 14 20:36:54 2019 +0100

    First step of visitor GOF Pattern.

A	src/main/java/com/soebes/gof/visitor/PlayWithVisitor.java
A	src/main/java/com/soebes/gof/visitor/Visitor.java
A	src/main/java/com/soebes/gof/visitor/model/Body.java
A	src/main/java/com/soebes/gof/visitor/model/Car.java
A	src/main/java/com/soebes/gof/visitor/model/Engine.java
A	src/main/java/com/soebes/gof/visitor/model/Location.java
A	src/main/java/com/soebes/gof/visitor/model/Wheel.java

commit 43552c338df33a9891437a151ef8a1c05076cc61
Author: Karl Heinz Marbaise <kama@soebes.de>
Date:   Thu Nov 14 20:16:09 2019 +0100

    Updated.

M	pom.xml

commit 9d8519fe1d06e9fd28c8c592295437dce8ee426d
Author: Karl Heinz Marbaise <kama@soebes.de>
Date:   Thu Nov 14 20:10:58 2019 +0100

    Improved.

M	src/test/java/com/soebes/playground/AnotherDataHolder.java

commit d8f5f74f46667490569d4ed15297831d8d3c50c7
Author: Karl Heinz Marbaise <kama@soebes.de>
Date:   Thu Nov 14 20:03:19 2019 +0100

    Improved.

M	src/main/java/com/soebes/katas/filmausleihe/BlockBusterPrice.java
M	src/test/java/com/soebes/katas/bytes/ByteTest.java
M	src/test/java/com/soebes/katas/functional/F1.java
M	src/test/java/com/soebes/katas/functions/FunctionTest.java
M	src/test/java/com/soebes/katas/muenzspeicher/GeldSorteTest.java
M	src/test/java/com/soebes/katas/sublist/PlayWithComparator2Test.java

commit 687620352d20e1277e5ac38293444bbb0e81422a
Author: Karl Heinz Marbaise <kama@soebes.de>
Date:   Sun Sep 8 12:30:19 2019 +0200

    Improved.

M	src/main/java/com/soebes/katas/filmausleihe/Customer.java
M	src/test/java/com/soebes/katas/enums/TheEnumValuePatternTest.java

commit 8151f607d7da9837ad63be592630711ca383699b
Author: Karl Heinz Marbaise <kama@soebes.de>
Date:   Sat Sep 7 23:04:16 2019 +0200

    asdfadsfasdf

M	src/test/java/com/soebes/katas/factors/PrimeFactorsTest.java

commit 6e12d4db5e9a10006379affe9c38da200535574c
Author: Karl Heinz Marbaise <kama@soebes.de>
Date:   Mon Sep 2 22:38:45 2019 +0200

    Improved.

M	src/test/java/com/soebes/experiments/MapExpermimentsTest.java
M	src/test/java/com/soebes/katas/filmausleihe/BlockBusterPriceTest.java
M	src/test/java/com/soebes/list/FirstListTest.java

commit 32f1d18602d1d329d092a8339438432c5a05b77a
Author: Karl Heinz Marbaise <kama@soebes.de>
Date:   Sun Aug 25 11:25:06 2019 +0200

    Improved.

M	pom.xml
A	src/test/java/com/soebes/junit5/Junit5Test.java
M	src/test/java/com/soebes/katas/factors/PrimeFactorsTest.java
A	src/test/java/com/soebes/list/FirstListTest.java
M	src/test/java/com/soebes/playground/MyArrayList.java
A	src/test/java/com/soebes/playground/Resource.java
A	src/test/java/com/soebes/playground/ResourceTest.java
A	src/test/java/com/soebes/playground/StreamExercisesTest.java
M	src/test/java/com/soebes/playground/TheBestClassEver.java

commit 4ee99f1fb3557b405f81d80cada1f90ec55ea370
Author: Karl Heinz Marbaise <kama@soebes.de>
Date:   Mon Jun 17 09:04:09 2019 +0200

    Improved.

M	src/test/java/com/soebes/playground/CompileTest.java
A	src/test/java/com/soebes/playground/PuzzleTest.java
A	src/test/java/com/soebes/playground/TheBestClassEver.java

commit 331fd9a82db9ad93d6f63a4d387ea8564ca8b227
Author: Karl Heinz Marbaise <kama@soebes.de>
Date:   Sat Jun 15 13:54:17 2019 +0200

    Improved the

D	src/test/java/com/soebes/MyArrayList.java
D	src/test/java/com/soebes/NewTestItIsNowCalled.java
M	src/test/java/com/soebes/katas/SortingTest.java
A	src/test/java/com/soebes/playground/AnotherDataHolder.java
A	src/test/java/com/soebes/playground/CompileTest.java
R097	src/test/java/com/soebes/DataHolder.java	src/test/java/com/soebes/playground/DataHolder.java
A	src/test/java/com/soebes/playground/MyArrayList.java
A	src/test/java/com/soebes/playground/MyArrayListTest.java

commit 9fea3a668cdcf58fb2c37125df12ac28041c54ea
Author: Karl Heinz Marbaise <kama@soebes.de>
Date:   Thu Jun 13 22:41:44 2019 +0200

    Save my experiments.

M	pom.xml
A	src/test/java/com/soebes/DataHolder.java
A	src/test/java/com/soebes/MyArrayList.java
A	src/test/java/com/soebes/NewTestItIsNowCalled.java
M	src/test/java/com/soebes/codewars/MumblingTest.java
M	src/test/java/com/soebes/codewars/OnesAndZerosTest.java
M	src/test/java/com/soebes/katas/enums/TheEnumValuePattern.java
M	src/test/java/com/soebes/katas/enums/TheEnumValuePatternTest.java
M	src/test/java/com/soebes/katas/functions/AverageTest.java
A	src/test/java/com/soebes/trying/TheFirstClassTest.java

commit 86fc2a1f5d7b861976d04213e890d9cc4ae427a8
Author: Karl Heinz Marbaise <kama@soebes.de>
Date:   Tue Jun 11 22:41:51 2019 +0200

    Improved.

M	src/test/java/com/soebes/codewars/BitCountingTest.java
M	src/test/java/com/soebes/codewars/MostFrequentlyUsedWordsInATextTest.java
M	src/test/java/com/soebes/experiments/CountingTest.java
M	src/test/java/com/soebes/interview/IQ1.java
M	src/test/java/com/soebes/katas/assume/AssumptionTest.java
M	src/test/java/com/soebes/katas/nodes/FirstTest.java
M	src/test/java/com/soebes/katas/polynoms/NewTest.java
M	src/test/java/com/soebes/mocking/FirstVerifyMockTest.java

commit 112baa6992ac210dd5fb85c1b0c0b32824c4a0a1
Author: Karl Heinz Marbaise <kama@soebes.de>
Date:   Sat Jun 8 12:22:49 2019 +0200

    Improved example.

M	src/test/java/com/soebes/interview/IQ1.java

commit f711c0412ddec2ca5812301fe7dc82f091635d02
Author: Karl Heinz Marbaise <kama@soebes.de>
Date:   Thu May 23 21:48:41 2019 +0200

    improved Stream examples.

A	src/test/java/com/soebes/assertj/AssertionsTest.java
M	src/test/java/com/soebes/codewars/BitCountingByteTest.java
M	src/test/java/com/soebes/experiments/MapExpermimentsTest.java
M	src/test/java/com/soebes/interview/IQ1.java
M	src/test/java/com/soebes/katas/assume/AssumptionTest.java
M	src/test/java/com/soebes/katas/enums/EnumSetStreamTest.java
A	src/test/java/com/soebes/katas/functions/StandardDeviationBigDecimalTest.java
M	src/test/java/com/soebes/katas/functions/StandardDeviationTest.java

commit 39e71d8dabb6c5f6b4129836c2fc7e1023ba43d0
Author: Karl Heinz Marbaise <kama@soebes.de>
Date:   Thu May 23 09:36:25 2019 +0200

    Improved.

M	src/test/java/com/soebes/katas/enums/EnumSetStreamTest.java
M	src/test/java/com/soebes/katas/enums/EnumsTest.java

commit e85ccaef2fcf72b22d9b2b210d1763edc2a00996
Author: Karl Heinz Marbaise <kama@soebes.de>
Date:   Wed May 22 19:30:54 2019 +0200

    Added EnumSet handling.

A	src/test/java/com/soebes/katas/enums/EnumSetStreamTest.java
M	src/test/java/com/soebes/limits/IEEE754.java

commit 284a7aa95724604ff7c531442973b7bfe1690e52
Author: Karl Heinz Marbaise <kama@soebes.de>
Date:   Wed May 22 13:13:39 2019 +0200

    Fixed.

M	src/test/java/com/soebes/limits/IEEE754.java

commit c77fd9a121603ffc0cfde196efd71205234f184e
Author: Karl Heinz Marbaise <kama@soebes.de>
Date:   Tue May 21 22:43:36 2019 +0200

    Added overflow test.

M	src/test/java/com/soebes/limits/IEEE754.java

commit 0376818bfdca1a477c9c15ab6fba1257dac5ff36
Author: Karl Heinz Marbaise <kama@soebes.de>
Date:   Mon May 20 21:27:46 2019 +0200

    Updated.

A	src/main/xxx-module-info.java
M	src/test/java/com/soebes/limits/IEEE754.java

commit b9db9da10ec5f5baf8c7ca2f3842f4a21ff26216
Author: Karl Heinz Marbaise <kama@soebes.de>
Date:   Mon May 20 21:24:14 2019 +0200

    Saved.

M	src/test/java/com/soebes/limits/IEEE754.java

commit 65c1334e57b576fff4680a1df406f12a410dce88
Author: Karl Heinz Marbaise <kama@soebes.de>
Date:   Mon May 20 19:32:56 2019 +0200

    Improved code.

M	src/test/java/com/soebes/codewars/XYZTest.java
M	src/test/java/com/soebes/limits/IEEE754.java
A	src/test/java/com/soebes/mocking/FirstVerifyMockTest.java

commit 781f6b19fd94e4647ffd8ffa2a1eddfd2acc54d3
Author: Karl Heinz Marbaise <kama@soebes.de>
Date:   Sat May 18 09:05:46 2019 +0200

    Improved code.

M	src/test/java/com/soebes/codewars/BitCountingTest.java
M	src/test/java/com/soebes/codewars/XYZTest.java
M	src/test/java/com/soebes/katas/functions/AverageTest.java
M	src/test/java/com/soebes/katas/quiz/trader/TraderTest.java
M	src/test/java/com/soebes/limits/IEEE754.java

commit 975b083274aa334442034724e1197ff4d52b9cb7
Author: Karl Heinz Marbaise <kama@soebes.de>
Date:   Thu May 16 22:26:35 2019 +0200

    Improved code.

A	src/test/java/com/soebes/codewars/XYZTest.java
A	src/test/java/com/soebes/experiments/MapExpermimentsTest.java
A	src/test/java/com/soebes/katas/SortingTest.java

commit 46b28565c2a92af6128595259becaab68a5d4237
Author: Karl Heinz Marbaise <kama@soebes.de>
Date:   Mon May 13 21:36:10 2019 +0200

    Improved code.

M	pom.xml
M	src/test/java/com/soebes/codewars/BitCountingByteTest.java
M	src/test/java/com/soebes/codewars/MumblingTest.java
M	src/test/java/com/soebes/codewars/SumOfDigitsDigitalRoots.java
M	src/test/java/com/soebes/katas/assume/AssumptionTest.java
A	src/test/java/com/soebes/limits/FloatConsts.java
M	src/test/java/com/soebes/limits/IEEE754.java
A	src/test/xxx-module-info.java

commit 8a04581e5c8ee22d83ee17cfaa29293ca8a0fbd3
Author: Karl Heinz Marbaise <kama@soebes.de>
Date:   Sun May 12 17:45:44 2019 +0200

    Improved.

A	README.adoc
A	src/test/java/com/soebes/experiments/CountingTest.java
M	src/test/java/com/soebes/katas/streams/StreamsTest.java
M	src/test/java/com/soebes/limits/IEEE754.java

commit 333e548781cdcca6c13320117d7e92c0c7916934
Author: Karl Heinz Marbaise <kama@soebes.de>
Date:   Sun Apr 28 21:01:21 2019 +0200

    Improved.

M	src/main/java/com/soebes/katas/muenzspeicher/GeldSorte.java
M	src/test/java/com/soebes/limits/IEEE754.java

commit 86351938f5891cb10613da19f4d42eef19c71b86
Author: Karl Heinz Marbaise <kama@soebes.de>
Date:   Sun Apr 28 18:09:06 2019 +0200

    Improved code.

M	pom.xml
A	src/test/java/com/soebes/codewars/BitCountingByteTest.java
M	src/test/java/com/soebes/codewars/MostFrequentlyUsedWordsInATextTest.java
M	src/test/java/com/soebes/codewars/OnesAndZerosTest.java
A	src/test/java/com/soebes/katas/numeric/BigDecimalTest.java
A	src/test/java/com/soebes/limits/IEEE754.java

commit 216e90ff16fd6d86282ca2b35501dfce5c37068f
Author: Karl Heinz Marbaise <kama@soebes.de>
Date:   Fri Apr 19 17:37:14 2019 +0200

    Cleaned up.

M	src/test/java/com/soebes/codewars/BitCountingTest.java

commit 98a392ad531c5b6de48d26e62e0e399e8d9cc31f
Author: Karl Heinz Marbaise <kama@soebes.de>
Date:   Fri Apr 19 13:44:47 2019 +0200

    Improved code.

M	src/test/java/com/soebes/codewars/BitCountingTest.java

commit 69aecf6217b17f5a563898808bfdcb7763ec7daa
Author: Karl Heinz Marbaise <kama@soebes.de>
Date:   Fri Apr 19 12:29:45 2019 +0200

    Improved code.

A	src/test/java/com/soebes/codewars/BitCountingTest.java
M	src/test/java/com/soebes/codewars/MostFrequentlyUsedWordsInATextTest.java
A	src/test/java/com/soebes/codewars/MumblingTest.java
A	src/test/java/com/soebes/codewars/SumOfDigitsDigitalRoots.java

commit 124d95ee40a0a5630eba3efc33c81b7d0aa06db6
Author: Karl Heinz Marbaise <kama@soebes.de>
Date:   Sun Apr 14 21:13:55 2019 +0200

    Next step

A	src/test/java/com/soebes/codewars/OnesAndZerosTest.java

commit b4c7f4268c8b6b5a1110d8c7c1cab7b1f78e982c
Author: Karl Heinz Marbaise <kama@soebes.de>
Date:   Sun Apr 14 14:40:21 2019 +0200

    Improved.

A	src/main/java/com/soebes/katas/vending/Coin.java
A	src/main/java/com/soebes/katas/vending/Inventory.java
A	src/main/java/com/soebes/katas/vending/Item.java
A	src/main/java/com/soebes/katas/vending/VendingMachine.java
A	src/test/java/com/soebes/codewars/MostFrequentlyUsedWordsInATextTest.java
M	src/test/java/com/soebes/interview/IQ1.java
A	src/test/java/com/soebes/limits/LimitsTest.java

commit 772eeadbae1a42cea99091600bebc4098e812f7e
Author: Karl Heinz Marbaise <kama@soebes.de>
Date:   Wed Apr 10 08:11:44 2019 +0200

    Improved.

A	src/test/java/com/soebes/interview/IQ1.java
A	src/test/java/com/soebes/katas/enums/EnumSecondTest.java

commit 4f75db42c83e3ddf4dcd6f6c3a8a2b30a6f59e81
Author: Karl Heinz Marbaise <kama@soebes.de>
Date:   Sun Apr 7 19:24:29 2019 +0200

    Enhanced

M	pom.xml
M	src/test/java/com/soebes/katas/bytes/ByteTest.java
M	src/test/java/com/soebes/katas/functions/FunctionTest.java
M	src/test/java/com/soebes/katas/version/VersionTest.java

commit 9eaae07a60cf53bdd13e83def2d62338f9085fd1
Author: Karl Heinz Marbaise <kama@soebes.de>
Date:   Sun Mar 3 21:44:05 2019 +0100

    Improved.

A	src/test/java/com/soebes/katas/bytes/ByteTest.java

commit 922b438a1dd0c809919018cf056060527cd40909
Author: Karl Heinz Marbaise <kama@soebes.de>
Date:   Sun Feb 24 14:13:09 2019 +0100

    Improved

M	src/test/java/com/soebes/katas/functions/StandardDeviationTest.java

commit b60909cfab1fd982334f8f5c7490a86bfa007084
Author: Karl Heinz Marbaise <kama@soebes.de>
Date:   Sat Feb 23 21:35:30 2019 +0100

    Improved.

M	pom.xml
M	src/test/java/com/soebes/katas/enums/EnumsTest.java
M	src/test/java/com/soebes/katas/enums/TheEnumValuePattern.java
M	src/test/java/com/soebes/katas/enums/TheEnumValuePatternTest.java
M	src/test/java/com/soebes/katas/functions/FunctionTest.java
M	src/test/java/com/soebes/katas/streams/StreamsTest.java

commit 3d33478def9377fb20d764337ff2853a089fefee
Author: Karl Heinz Marbaise <kama@soebes.de>
Date:   Sat Feb 23 20:38:49 2019 +0100

    Updated.

M	pom.xml
M	src/test/java/com/soebes/katas/enums/TheEnumValuePatternTest.java
M	src/test/java/com/soebes/katas/filmausleihe/FamilyPriceTest.java
A	src/test/java/com/soebes/katas/quiz/ListMatchesTest.java

commit 8f634f872e5f42c23be4ca186513707251b08183
Author: Karl Heinz Marbaise <kama@soebes.de>
Date:   Sun Feb 10 10:01:50 2019 +0100

    Updated mockito-core.

M	pom.xml

commit 98f2f57f40a3d274cc1b221f96275f6dce5f568f
Author: Karl Heinz Marbaise <kama@soebes.de>
Date:   Sat Feb 9 15:02:48 2019 +0100

    Upgrade parent to get most recent JaCoCo version.

M	pom.xml
M	src/test/java/com/soebes/katas/enums/EnumsTest.java

commit c55dfe93b26f1b1a384e3c6f15ea9ec76db6d006
Author: Karl Heinz Marbaise <kama@soebes.de>
Date:   Sat Feb 9 12:17:57 2019 +0100

    Upgraded JUnit Jupiter to 5.4.0
    Upgraded JDK 11

M	pom.xml
M	src/test/java/com/soebes/katas/enums/TheEnumValuePatternTest.java
M	src/test/java/com/soebes/katas/quiz/pythagoras/PythagorasTest.java

commit 516aba2f0f0bf0c39844f6ec728f5ef8d14473de
Author: Karl Heinz Marbaise <khmarbaise@soebes.de>
Date:   Fri Feb 1 23:04:32 2019 +0100

    Improved code.

M	pom.xml
M	src/test/java/com/soebes/katas/enums/EnumsTest.java
M	src/test/java/com/soebes/katas/quiz/IntStreamNumberTest.java
A	src/test/java/com/soebes/katas/quiz/fibonacci/FibonacciTest.java

commit d9e69ad68ec180e77798c1518c340c4b516d584c
Author: Karl Heinz Marbaise <khmarbaise@soebes.de>
Date:   Sat Jan 26 11:25:10 2019 +0100

    Improved.

M	pom.xml
M	src/test/java/com/soebes/katas/functions/AverageTest.java
M	src/test/java/com/soebes/katas/quiz/FileStreamTest.java
M	src/test/java/com/soebes/katas/quiz/IntStreamNumberTest.java
M	src/test/java/com/soebes/katas/quiz/ListTest.java
M	src/test/java/com/soebes/katas/quiz/biginteger/BigIntegerTest.java
M	src/test/java/com/soebes/katas/sublist/MapTest.java
M	src/test/java/com/soebes/katas/sublist/PatternStreamTest.java
M	src/test/java/com/soebes/katas/sublist/SecondTest.java
M	src/test/java/com/soebes/katas/version/VersionTest.java

commit dd9267759ba76d867c82bbee577e0d86aaf77f31
Author: Karl Heinz Marbaise <khmarbaise@soebes.de>
Date:   Sun Jan 20 19:53:03 2019 +0100

    Fixed.

M	src/test/java/com/soebes/katas/java8/StreamsTest.java
M	src/test/java/com/soebes/katas/java8/WatchDirTest.java
M	src/test/java/com/soebes/katas/quiz/ListTest.java
A	src/test/java/com/soebes/katas/quiz/pythagoras/Pythagoras.java
A	src/test/java/com/soebes/katas/quiz/pythagoras/PythagorasTest.java
M	src/test/java/com/soebes/katas/sublist/MapTest.java
M	src/test/java/com/soebes/katas/sublist/PatternStreamTest.java

commit c0c8ba7e084f8da35b8f47b5d5ca5cf9cfe14bfb
Author: Karl Heinz Marbaise <khmarbaise@soebes.de>
Date:   Sun Jan 20 13:23:08 2019 +0100

    Reformatted

M	src/test/java/com/soebes/katas/enums/TheEnumValuePattern.java
M	src/test/java/com/soebes/katas/enums/TheEnumValuePatternTest.java
M	src/test/java/com/soebes/katas/list/ListTest.java
M	src/test/java/com/soebes/katas/streams/StreamSecondTest.java
M	src/test/java/com/soebes/katas/sublist/ExplodeTest.java
M	src/test/java/com/soebes/katas/sublist/MapTest.java

commit b6e9408e2f310ccb5e7b2e6e73cd1da491eddac2
Author: Karl Heinz Marbaise <khmarbaise@soebes.de>
Date:   Sun Jan 20 13:04:54 2019 +0100

    Reformatted and cleaned.

M	src/test/java/com/soebes/katas/enums/TheEnumValuePatternTest.java
M	src/test/java/com/soebes/katas/quiz/trader/TraderTest.java

commit e640e35d66e6476a9d60abaf9a17cff6d17fea97
Author: Karl Heinz Marbaise <khmarbaise@soebes.de>
Date:   Sat Jan 19 21:00:52 2019 +0100

    Improved.

M	src/test/java/com/soebes/katas/enums/TheEnumValuePattern.java

commit 065061006ae9ee0ba700ef2239537825db0ac94e
Author: Karl Heinz Marbaise <khmarbaise@soebes.de>
Date:   Sat Jan 19 15:10:40 2019 +0100

    Improved code.

M	src/test/java/com/soebes/katas/enums/TheEnumValuePatternTest.java
A	src/test/java/com/soebes/katas/list/ListTest.java

commit ec7036c8961af1af110662ba9c5600e1c39b6fc2
Author: Karl Heinz Marbaise <khmarbaise@soebes.de>
Date:   Sat Jan 19 13:52:44 2019 +0100

    Added TheEnumValuePattern test

A	src/test/java/com/soebes/katas/enums/TheEnumValuePattern.java
A	src/test/java/com/soebes/katas/enums/TheEnumValuePatternTest.java
